// Vitest Snapshot v1

exports[`nust emotion ssr > renders the index page 1`] = `
"<!DOCTYPE html>
<html >
<head><meta charset=\\"utf-8\\">
<meta name=\\"viewport\\" content=\\"width=device-width, initial-scale=1\\"><link rel=\\"modulepreload\\" as=\\"script\\" crossorigin href=\\"/_nuxt/entry.52d2c064.js\\"><link rel=\\"prefetch\\" as=\\"script\\" crossorigin href=\\"/_nuxt/error-component.46dc171f.js\\"><style data-emotion=\\"\\"></style><script data-emotion=\\"\\">window.$emotionIds=[]</script></head>
<body ><div id=\\"__nuxt\\"><div><div class=\\"css-camw5v\\"> Nuxt module playground! </div><button class=\\"css-u6jiew\\"> Hello World </button></div></div><script>window.__NUXT__={data:{},state:{},_errors:{},serverRendered:true,config:{public:{},app:{baseURL:\\"\\\\u002F\\",buildAssetsDir:\\"\\\\u002F_nuxt\\\\u002F\\",cdnURL:\\"\\"}}}</script><script type=\\"module\\" src=\\"/_nuxt/entry.52d2c064.js\\" crossorigin></script></body>
</html>"
`;
